Archive member included because of file (symbol)

libgcc/libgcc.a(_udivsi3.o)   build/malloc.o (__aeabi_uidiv)
libgcc/libgcc.a(_divsi3.o)    build/stdio.o (__aeabi_idivmod)
libgcc/libgcc.a(_dvmd_tls.o)  libgcc/libgcc.a(_udivsi3.o) (__aeabi_idiv0)
libgcc/libgcc.a(_aeabi_uldivmod.o)
                              build/stdio.o (__aeabi_uldivmod)
libgcc/libgcc.a(bpabi.o)      libgcc/libgcc.a(_aeabi_uldivmod.o) (__gnu_uldivmod_helper)
libgcc/libgcc.a(_divdi3.o)    libgcc/libgcc.a(bpabi.o) (__divdi3)
libgcc/libgcc.a(_udivdi3.o)   libgcc/libgcc.a(bpabi.o) (__udivdi3)
libgcc/libgcc.a(unwind-arm.o)
                              libgcc/libgcc.a(_divdi3.o) (__aeabi_unwind_cpp_pr0)
libgcc/libgcc.a(libunwind.o)  libgcc/libgcc.a(unwind-arm.o) (restore_core_regs)
libgcc/libgcc.a(pr-support.o)
                              libgcc/libgcc.a(unwind-arm.o) (__gnu_unwind_execute)
libgcc/libgcc.a(_clzsi2.o)    libgcc/libgcc.a(_divdi3.o) (__clzsi2)

Discarded input sections

 .ARM.attributes
                0x0000000000000000       0x14 build/contextSwitch.o
 .ARM.attributes
                0x0000000000000000       0x14 build/drawing.o
 .ARM.attributes
                0x0000000000000000       0x14 build/frameBufferInfo.o
 .ARM.attributes
                0x0000000000000000       0x14 build/gpioFunction.o
 .ARM.attributes
                0x0000000000000000       0x14 build/interruptsHandlers.o
 .ARM.attributes
                0x0000000000000000       0x14 build/mailbox.o
 .ARM.attributes
                0x0000000000000000       0x14 build/memoryCopy.o
 .ARM.attributes
                0x0000000000000000       0x14 build/start.o
 .comment       0x0000000000000000       0x12 build/bitmap.o
 .ARM.attributes
                0x0000000000000000       0x38 build/bitmap.o
 .comment       0x0000000000000000       0x12 build/console.o
 .ARM.attributes
                0x0000000000000000       0x38 build/console.o
 .comment       0x0000000000000000       0x12 build/debug.o
 .ARM.attributes
                0x0000000000000000       0x38 build/debug.o
 .comment       0x0000000000000000       0x12 build/framebuffer.o
 .ARM.attributes
                0x0000000000000000       0x38 build/framebuffer.o
 .comment       0x0000000000000000       0x12 build/gpio.o
 .ARM.attributes
                0x0000000000000000       0x38 build/gpio.o
 .comment       0x0000000000000000       0x12 build/hash.o
 .ARM.attributes
                0x0000000000000000       0x38 build/hash.o
 .comment       0x0000000000000000       0x12 build/init.o
 .ARM.attributes
                0x0000000000000000       0x38 build/init.o
 .comment       0x0000000000000000       0x12 build/list.o
 .ARM.attributes
                0x0000000000000000       0x38 build/list.o
 .comment       0x0000000000000000       0x12 build/interrupt.o
 .ARM.attributes
                0x0000000000000000       0x38 build/interrupt.o
 .comment       0x0000000000000000       0x12 build/malloc.o
 .ARM.attributes
                0x0000000000000000       0x38 build/malloc.o
 .comment       0x0000000000000000       0x12 build/palloc.o
 .ARM.attributes
                0x0000000000000000       0x38 build/palloc.o
 .comment       0x0000000000000000       0x12 build/random.o
 .ARM.attributes
                0x0000000000000000       0x38 build/random.o
 .comment       0x0000000000000000       0x12 build/serial.o
 .ARM.attributes
                0x0000000000000000       0x38 build/serial.o
 .comment       0x0000000000000000       0x12 build/stdio.o
 .ARM.attributes
                0x0000000000000000       0x38 build/stdio.o
 .comment       0x0000000000000000       0x12 build/stdlib.o
 .ARM.attributes
                0x0000000000000000       0x38 build/stdlib.o
 .comment       0x0000000000000000       0x12 build/string.o
 .ARM.attributes
                0x0000000000000000       0x38 build/string.o
 .comment       0x0000000000000000       0x12 build/synch.o
 .ARM.attributes
                0x0000000000000000       0x38 build/synch.o
 .comment       0x0000000000000000       0x12 build/timer.o
 .ARM.attributes
                0x0000000000000000       0x38 build/timer.o
 .comment       0x0000000000000000       0x12 build/thread.o
 .ARM.attributes
                0x0000000000000000       0x38 build/thread.o
 .comment       0x0000000000000000       0x12 build/video.o
 .ARM.attributes
                0x0000000000000000       0x38 build/video.o
 .debug_frame   0x0000000000000000       0x20 libgcc/libgcc.a(_udivsi3.o)
 .ARM.attributes
                0x0000000000000000       0x18 libgcc/libgcc.a(_udivsi3.o)
 .debug_line    0x0000000000000000       0x8a libgcc/libgcc.a(_udivsi3.o)
 .debug_info    0x0000000000000000       0x99 libgcc/libgcc.a(_udivsi3.o)
 .debug_abbrev  0x0000000000000000       0x14 libgcc/libgcc.a(_udivsi3.o)
 .debug_aranges
                0x0000000000000000       0x20 libgcc/libgcc.a(_udivsi3.o)
 .debug_frame   0x0000000000000000       0x20 libgcc/libgcc.a(_divsi3.o)
 .ARM.attributes
                0x0000000000000000       0x18 libgcc/libgcc.a(_divsi3.o)
 .debug_line    0x0000000000000000       0x96 libgcc/libgcc.a(_divsi3.o)
 .debug_info    0x0000000000000000       0x99 libgcc/libgcc.a(_divsi3.o)
 .debug_abbrev  0x0000000000000000       0x14 libgcc/libgcc.a(_divsi3.o)
 .debug_aranges
                0x0000000000000000       0x20 libgcc/libgcc.a(_divsi3.o)
 .ARM.attributes
                0x0000000000000000       0x18 libgcc/libgcc.a(_dvmd_tls.o)
 .debug_line    0x0000000000000000       0x61 libgcc/libgcc.a(_dvmd_tls.o)
 .debug_info    0x0000000000000000       0x99 libgcc/libgcc.a(_dvmd_tls.o)
 .debug_abbrev  0x0000000000000000       0x14 libgcc/libgcc.a(_dvmd_tls.o)
 .debug_aranges
                0x0000000000000000       0x20 libgcc/libgcc.a(_dvmd_tls.o)
 .ARM.attributes
                0x0000000000000000       0x18 libgcc/libgcc.a(_aeabi_uldivmod.o)
 .debug_line    0x0000000000000000       0x66 libgcc/libgcc.a(_aeabi_uldivmod.o)
 .debug_info    0x0000000000000000       0x95 libgcc/libgcc.a(_aeabi_uldivmod.o)
 .debug_abbrev  0x0000000000000000       0x14 libgcc/libgcc.a(_aeabi_uldivmod.o)
 .debug_aranges
                0x0000000000000000       0x20 libgcc/libgcc.a(_aeabi_uldivmod.o)
 .debug_info    0x0000000000000000      0x174 libgcc/libgcc.a(bpabi.o)
 .debug_abbrev  0x0000000000000000       0xb7 libgcc/libgcc.a(bpabi.o)
 .debug_loc     0x0000000000000000       0xe0 libgcc/libgcc.a(bpabi.o)
 .debug_aranges
                0x0000000000000000       0x20 libgcc/libgcc.a(bpabi.o)
 .debug_line    0x0000000000000000       0x67 libgcc/libgcc.a(bpabi.o)
 .debug_str     0x0000000000000000       0xef libgcc/libgcc.a(bpabi.o)
 .comment       0x0000000000000000       0x12 libgcc/libgcc.a(bpabi.o)
 .ARM.attributes
                0x0000000000000000       0x30 libgcc/libgcc.a(bpabi.o)
 .debug_frame   0x0000000000000000       0x54 libgcc/libgcc.a(bpabi.o)
 .debug_info    0x0000000000000000      0x5ec libgcc/libgcc.a(_divdi3.o)
 .debug_abbrev  0x0000000000000000      0x165 libgcc/libgcc.a(_divdi3.o)
 .debug_loc     0x0000000000000000      0xb77 libgcc/libgcc.a(_divdi3.o)
 .debug_aranges
                0x0000000000000000       0x20 libgcc/libgcc.a(_divdi3.o)
 .debug_ranges  0x0000000000000000       0xc8 libgcc/libgcc.a(_divdi3.o)
 .debug_line    0x0000000000000000       0xdb libgcc/libgcc.a(_divdi3.o)
 .debug_str     0x0000000000000000      0x1a3 libgcc/libgcc.a(_divdi3.o)
 .comment       0x0000000000000000       0x12 libgcc/libgcc.a(_divdi3.o)
 .ARM.attributes
                0x0000000000000000       0x30 libgcc/libgcc.a(_divdi3.o)
 .debug_frame   0x0000000000000000       0x38 libgcc/libgcc.a(_divdi3.o)
 .debug_info    0x0000000000000000      0x5ab libgcc/libgcc.a(_udivdi3.o)
 .debug_abbrev  0x0000000000000000      0x154 libgcc/libgcc.a(_udivdi3.o)
 .debug_loc     0x0000000000000000      0xc8c libgcc/libgcc.a(_udivdi3.o)
 .debug_aranges
                0x0000000000000000       0x20 libgcc/libgcc.a(_udivdi3.o)
 .debug_ranges  0x0000000000000000       0xd8 libgcc/libgcc.a(_udivdi3.o)
 .debug_line    0x0000000000000000       0xce libgcc/libgcc.a(_udivdi3.o)
 .debug_str     0x0000000000000000      0x1a4 libgcc/libgcc.a(_udivdi3.o)
 .comment       0x0000000000000000       0x12 libgcc/libgcc.a(_udivdi3.o)
 .ARM.attributes
                0x0000000000000000       0x30 libgcc/libgcc.a(_udivdi3.o)
 .debug_frame   0x0000000000000000       0x38 libgcc/libgcc.a(_udivdi3.o)
 .debug_info    0x0000000000000000     0x1d4d libgcc/libgcc.a(unwind-arm.o)
 .debug_abbrev  0x0000000000000000      0x48f libgcc/libgcc.a(unwind-arm.o)
 .debug_loc     0x0000000000000000     0x18d0 libgcc/libgcc.a(unwind-arm.o)
 .debug_aranges
                0x0000000000000000       0x20 libgcc/libgcc.a(unwind-arm.o)
 .debug_ranges  0x0000000000000000      0x138 libgcc/libgcc.a(unwind-arm.o)
 .debug_line    0x0000000000000000      0x538 libgcc/libgcc.a(unwind-arm.o)
 .debug_str     0x0000000000000000      0xb7f libgcc/libgcc.a(unwind-arm.o)
 .comment       0x0000000000000000       0x12 libgcc/libgcc.a(unwind-arm.o)
 .ARM.attributes
                0x0000000000000000       0x30 libgcc/libgcc.a(unwind-arm.o)
 .debug_frame   0x0000000000000000      0x290 libgcc/libgcc.a(unwind-arm.o)
 .ARM.attributes
                0x0000000000000000       0x1c libgcc/libgcc.a(libunwind.o)
 .debug_line    0x0000000000000000       0xaf libgcc/libgcc.a(libunwind.o)
 .debug_info    0x0000000000000000       0x99 libgcc/libgcc.a(libunwind.o)
 .debug_abbrev  0x0000000000000000       0x14 libgcc/libgcc.a(libunwind.o)
 .debug_aranges
                0x0000000000000000       0x20 libgcc/libgcc.a(libunwind.o)
 .debug_info    0x0000000000000000      0xa5b libgcc/libgcc.a(pr-support.o)
 .debug_abbrev  0x0000000000000000      0x26c libgcc/libgcc.a(pr-support.o)
 .debug_loc     0x0000000000000000      0x652 libgcc/libgcc.a(pr-support.o)
 .debug_aranges
                0x0000000000000000       0x20 libgcc/libgcc.a(pr-support.o)
 .debug_ranges  0x0000000000000000       0x48 libgcc/libgcc.a(pr-support.o)
 .debug_line    0x0000000000000000      0x1c4 libgcc/libgcc.a(pr-support.o)
 .debug_str     0x0000000000000000      0x4de libgcc/libgcc.a(pr-support.o)
 .comment       0x0000000000000000       0x12 libgcc/libgcc.a(pr-support.o)
 .ARM.attributes
                0x0000000000000000       0x30 libgcc/libgcc.a(pr-support.o)
 .debug_frame   0x0000000000000000       0xe4 libgcc/libgcc.a(pr-support.o)
 .ARM.attributes
                0x0000000000000000       0x18 libgcc/libgcc.a(_clzsi2.o)
 .debug_line    0x0000000000000000       0x6e libgcc/libgcc.a(_clzsi2.o)
 .debug_info    0x0000000000000000       0x99 libgcc/libgcc.a(_clzsi2.o)
 .debug_abbrev  0x0000000000000000       0x14 libgcc/libgcc.a(_clzsi2.o)
 .debug_aranges
                0x0000000000000000       0x20 libgcc/libgcc.a(_clzsi2.o)

Memory Configuration

Name             Origin             Length             Attributes
*default*        0x0000000000000000 0xffffffffffffffff

Linker script and memory map

LOAD build/contextSwitch.o
LOAD build/drawing.o
LOAD build/frameBufferInfo.o
LOAD build/gpioFunction.o
LOAD build/interruptsHandlers.o
LOAD build/mailbox.o
LOAD build/memoryCopy.o
LOAD build/start.o
LOAD build/bitmap.o
LOAD build/console.o
LOAD build/debug.o
LOAD build/framebuffer.o
LOAD build/gpio.o
LOAD build/hash.o
LOAD build/init.o
LOAD build/list.o
LOAD build/interrupt.o
LOAD build/malloc.o
LOAD build/palloc.o
LOAD build/random.o
LOAD build/serial.o
LOAD build/stdio.o
LOAD build/stdlib.o
LOAD build/string.o
LOAD build/synch.o
LOAD build/timer.o
LOAD build/thread.o
LOAD build/video.o

.init           0x0000000000008000       0x8c
 *(.init)
 .init          0x0000000000008000       0x8c build/start.o
                0x0000000000008000                _start

.text           0x000000000000808c     0xda08
 *(.text)
 .text          0x000000000000808c       0xd4 build/contextSwitch.o
                0x000000000000808c                save_context
                0x00000000000080e8                save_and_switch_context
 .text          0x0000000000008160      0x178 build/drawing.o
                0x0000000000008160                SetForeColour
                0x0000000000008178                GetForeColour
                0x0000000000008184                SetGraphicsAddress
                0x0000000000008190                GetGraphicsAddress
                0x000000000000819c                DrawPixel
                0x00000000000081e4                DrawLine
                0x0000000000008260                DrawCharacter
 .text          0x00000000000082d8       0x60 build/frameBufferInfo.o
                0x00000000000082d8                InitialiseFrameBuffer
 .text          0x0000000000008338       0x98 build/gpioFunction.o
                0x0000000000008338                GetGpioAddress
                0x0000000000008340                SetGpioFunction
                0x0000000000008390                SetGpio
 .text          0x00000000000083d0      0x130 build/interruptsHandlers.o
                0x00000000000083d0                print_executing_interrupt
                0x00000000000083e0                generate_swi_interrupt
                0x00000000000083e8                swi_handler_int
                0x000000000000844c                irq_handler_int
                0x00000000000084ac                get_cpsr_value
                0x00000000000084b4                enable_irq_interruptions
                0x00000000000084c4                disable_irq_interruptions
                0x00000000000084d4                enable_fiq_interruptions
                0x00000000000084e4                disable_fiq_interruptions
                0x00000000000084f4                get_current_sp
 .text          0x0000000000008500       0x6c build/mailbox.o
                0x0000000000008500                GetMailboxBase
                0x0000000000008508                MailboxRead
                0x000000000000853c                MailboxWrite
 .text          0x000000000000856c       0x70 build/memoryCopy.o
                0x000000000000856c                memory_fastest_copy
                0x00000000000085bc                memory_fast_copy
 .text          0x00000000000085dc        0x0 build/start.o
 .text          0x00000000000085dc      0x9e4 build/bitmap.o
                0x000000000000868c                bitmap_create
                0x0000000000008730                bitmap_create_in_buf
                0x00000000000087c0                bitmap_buf_size
                0x00000000000087ec                bitmap_destroy
                0x0000000000008828                bitmap_size
                0x0000000000008850                bitmap_set
                0x00000000000088f0                bitmap_test
                0x00000000000089a4                bitmap_set_all
                0x0000000000008a0c                bitmap_set_multiple
                0x0000000000008afc                bitmap_mark
                0x0000000000008b68                bitmap_reset
                0x0000000000008bd8                bitmap_contains
                0x0000000000008ce0                bitmap_any
                0x0000000000008d1c                bitmap_none
                0x0000000000008d78                bitmap_all
                0x0000000000008dd4                bitmap_scan
                0x0000000000008ef4                bitmap_scan_and_flip
                0x0000000000008f78                bitmap_dump
 .text          0x0000000000008fc0      0x3dc build/console.o
                0x0000000000008fc0                console_init
                0x0000000000008fe8                console_panic
                0x000000000000900c                console_print_stats
                0x000000000000917c                vprintf
                0x00000000000091c8                puts
                0x0000000000009228                putbuf
                0x0000000000009294                putchar
 .text          0x000000000000939c      0x128 build/debug.o
                0x000000000000939c                debug_panic
                0x0000000000009420                debug_print_bits_int
                0x000000000000949c                abort
 .text          0x00000000000094c4       0x58 build/framebuffer.o
                0x00000000000094c4                framebuffer_init
 .text          0x000000000000951c       0x50 build/gpio.o
                0x000000000000951c                gpio_enable_function
                0x0000000000009544                gpio_set_register
 .text          0x000000000000956c      0xc50 build/hash.o
                0x000000000000956c                hash_init
                0x000000000000961c                hash_clear
                0x00000000000096f0                hash_destroy
                0x0000000000009734                hash_insert
                0x00000000000097a0                hash_replace
                0x0000000000009818                hash_find
                0x000000000000985c                hash_delete
                0x00000000000098c4                hash_apply
                0x00000000000099b0                hash_first
                0x0000000000009a5c                hash_next
                0x0000000000009b78                hash_cur
                0x0000000000009ba0                hash_size
                0x0000000000009bc8                hash_empty
                0x0000000000009c00                hash_bytes
                0x0000000000009cbc                hash_string
                0x0000000000009d5c                hash_int
 .text          0x000000000000a1bc      0x2a8 build/init.o
                0x000000000000a1e8                init
 .text          0x000000000000a464     0x128c build/list.o
                0x000000000000a584                list_init
                0x000000000000a5fc                list_begin
                0x000000000000a64c                list_next
                0x000000000000a6b8                list_end
                0x000000000000a708                list_rbegin
                0x000000000000a758                list_prev
                0x000000000000a7c4                list_rend
                0x000000000000a810                list_head
                0x000000000000a85c                list_tail
                0x000000000000a8ac                list_insert
                0x000000000000a968                list_splice
                0x000000000000aaa4                list_push_front
                0x000000000000aad8                list_push_back
                0x000000000000ab0c                list_remove
                0x000000000000ab8c                list_pop_front
                0x000000000000abc0                list_pop_back
                0x000000000000abf4                list_front
                0x000000000000ac54                list_back
                0x000000000000acb8                list_size
                0x000000000000ad20                list_empty
                0x000000000000adac                list_reverse
                0x000000000000b1c0                list_sort
                0x000000000000b354                list_insert_ordered
                0x000000000000b45c                list_unique
                0x000000000000b5a0                list_max
                0x000000000000b648                list_min
 .text          0x000000000000b6f0      0x9e4 build/interrupt.o
                0x000000000000b6f0                interrupts_init
                0x000000000000b798                interrupts_register_irq
                0x000000000000b830                interrupts_register_swi
                0x000000000000b870                interrupts_get_irq_name
                0x000000000000b8c8                interrupts_get_swi_name
                0x000000000000b8ec                interrupts_get_level
                0x000000000000b924                interrupts_set_level
                0x000000000000b964                interrupts_enable
                0x000000000000b990                interrupts_disable
                0x000000000000b9bc                interrupts_print_status
                0x000000000000ba58                interrupts_context
                0x000000000000ba7c                interrupts_was_irq_generated
                0x000000000000baa0                interrupts_yield_on_return
                0x000000000000bac4                interrupts_dispatch_irq
                0x000000000000bd0c                interrupts_dispatch_swi
                0x000000000000bdc0                interrupts_debug
 .text          0x000000000000c0d4      0x8b8 build/malloc.o
                0x000000000000c12c                malloc_init
                0x000000000000c238                malloc
                0x000000000000c49c                calloc
                0x000000000000c594                realloc
                0x000000000000c634                free
 .text          0x000000000000c98c      0x57c build/palloc.o
                0x000000000000c9e0                palloc_init
                0x000000000000cab4                palloc_get_multiple
                0x000000000000cbe8                palloc_get_page
                0x000000000000cc1c                palloc_free_multiple
                0x000000000000cd88                palloc_free_page
 .text          0x000000000000cf08      0x2cc build/random.o
                0x000000000000cf50                random_init
                0x000000000000d06c                random_bytes
                0x000000000000d1a8                random_ulong
 .text          0x000000000000d1d4      0x32c build/serial.o
                0x000000000000d1d4                serial_init
                0x000000000000d1e4                serial_putc
                0x000000000000d20c                serial_flush
                0x000000000000d220                serial_notify
                0x000000000000d2c8                uart_init
                0x000000000000d388                uart_putc_helper
                0x000000000000d3d8                uart_putc
                0x000000000000d420                uart_getc
                0x000000000000d464                uart_write
                0x000000000000d4c0                uart_puts
                0x000000000000d4f0                test_serial
 .text          0x000000000000d500     0x17b8 build/stdio.o
                0x000000000000d588                vsnprintf
                0x000000000000d690                snprintf
                0x000000000000d6e0                printf
                0x000000000000d720                __vprintf
                0x000000000000e904                __printf
                0x000000000000e948                hex_dump
                0x000000000000ec00                print_human_readable_size
 .text          0x000000000000ecb8      0x768 build/stdlib.o
                0x000000000000ed70                atoi
                0x000000000000eefc                qsort
                0x000000000000f18c                sort
                0x000000000000f2d8                bsearch
                0x000000000000f32c                binary_search
 .text          0x000000000000f420      0xd9c build/string.o
                0x000000000000f420                memcpy
                0x000000000000f514                memmove
                0x000000000000f68c                memcmp
                0x000000000000f7b0                strcmp
                0x000000000000f8b4                memchr
                0x000000000000f97c                strchr
                0x000000000000fa14                strcspn
                0x000000000000fa98                strpbrk
                0x000000000000fb04                strrchr
                0x000000000000fb78                strspn
                0x000000000000fbfc                strstr
                0x000000000000fcb0                strtok_r
                0x000000000000fe28                memset
                0x000000000000fee0                strlen
                0x000000000000ff60                strnlen
                0x000000000000ffc8                strlcpy
                0x00000000000100a0                strlcat
 .text          0x00000000000101bc      0x954 build/synch.o
                0x00000000000101bc                sema_init
                0x0000000000010220                sema_down
                0x00000000000102f4                sema_try_down
                0x0000000000010390                sema_up
                0x0000000000010448                sema_self_test
                0x0000000000010538                lock_init
                0x000000000001059c                lock_acquire
                0x000000000001065c                lock_try_acquire
                0x000000000001070c                lock_release
                0x0000000000010794                lock_held_by_current_thread
                0x00000000000107fc                cond_init
                0x0000000000010850                cond_wait
                0x0000000000010960                cond_signal
                0x0000000000010a6c                cond_broadcast
 .text          0x0000000000010b10      0x3d0 build/timer.o
                0x0000000000010b10                timer_init
                0x0000000000010b5c                timer_get_timestamp
                0x0000000000010b84                timer_msleep
                0x0000000000010be0                timer_non_busy_sleep
                0x0000000000010cd4                wakeUp
 .text          0x0000000000010ee0     0x119c build/thread.o
                0x0000000000010f0c                thread_init
                0x0000000000011194                thread_start
                0x00000000000111e4                thread_tick
                0x000000000001129c                thread_print_stats
                0x00000000000112e8                thread_create
                0x00000000000114a0                thread_block
                0x0000000000011524                thread_unblock
                0x00000000000115d4                thread_name
                0x00000000000115f0                thread_current
                0x0000000000011674                thread_tid
                0x0000000000011690                thread_exit
                0x0000000000011760                thread_yield
                0x0000000000011b14                thread_schedule_tail
                0x0000000000011c08                thread_foreach
                0x0000000000011cb0                thread_set_priority
                0x0000000000011cd8                thread_get_priority
                0x0000000000011cf4                thread_set_nice
                0x0000000000011d10                thread_get_nice
                0x0000000000011d2c                thread_get_load_avg
                0x0000000000011d48                thread_get_recent_cpu
 .text          0x000000000001207c      0x9ac build/video.o
                0x000000000001207c                video_init
                0x00000000000120f8                video_clean
                0x00000000000121ac                video_putc
 .text          0x0000000000012a28      0x114 libgcc/libgcc.a(_udivsi3.o)
                0x0000000000012a28                __udivsi3
                0x0000000000012a28                __aeabi_uidiv
                0x0000000000012b1c                __aeabi_uidivmod
 .text          0x0000000000012b3c      0x148 libgcc/libgcc.a(_divsi3.o)
                0x0000000000012b3c                __aeabi_idiv
                0x0000000000012b3c                __divsi3
                0x0000000000012c64                __aeabi_idivmod
 .text          0x0000000000012c84        0x4 libgcc/libgcc.a(_dvmd_tls.o)
                0x0000000000012c84                __aeabi_ldiv0
                0x0000000000012c84                __aeabi_idiv0
 .text          0x0000000000012c88       0x3c libgcc/libgcc.a(_aeabi_uldivmod.o)
                0x0000000000012c88                __aeabi_uldivmod
 .text          0x0000000000012cc4       0x84 libgcc/libgcc.a(bpabi.o)
                0x0000000000012cc4                __gnu_ldivmod_helper
                0x0000000000012d08                __gnu_uldivmod_helper
 .text          0x0000000000012d48      0x4f8 libgcc/libgcc.a(_divdi3.o)
                0x0000000000012d48                __divdi3
 .text          0x0000000000013240      0x498 libgcc/libgcc.a(_udivdi3.o)
                0x0000000000013240                __udivdi3
 .text          0x00000000000136d8      0xfb0 libgcc/libgcc.a(unwind-arm.o)
                0x0000000000013b60                _Unwind_GetCFA
                0x0000000000013b68                __gnu_Unwind_RaiseException
                0x0000000000013c14                __gnu_Unwind_ForcedUnwind
                0x0000000000013c38                __gnu_Unwind_Resume
                0x0000000000013cb0                __gnu_Unwind_Resume_or_Rethrow
                0x0000000000013cd0                _Unwind_Complete
                0x0000000000013cd4                _Unwind_DeleteException
                0x0000000000013cf8                _Unwind_VRS_Get
                0x0000000000013d6c                _Unwind_VRS_Set
                0x0000000000014210                __aeabi_unwind_cpp_pr2
                0x0000000000014218                __aeabi_unwind_cpp_pr1
                0x0000000000014220                __aeabi_unwind_cpp_pr0
                0x0000000000014228                __gnu_Unwind_Backtrace
                0x00000000000142f4                _Unwind_VRS_Pop
 .text          0x0000000000014688      0x1b0 libgcc/libgcc.a(libunwind.o)
                0x0000000000014688                __restore_core_regs
                0x0000000000014688                restore_core_regs
                0x00000000000146a4                __gnu_Unwind_Restore_VFP
                0x00000000000146ac                __gnu_Unwind_Save_VFP
                0x00000000000146b4                __gnu_Unwind_Restore_VFP_D
                0x00000000000146bc                __gnu_Unwind_Save_VFP_D
                0x00000000000146c4                __gnu_Unwind_Restore_VFP_D_16_to_31
                0x00000000000146cc                __gnu_Unwind_Save_VFP_D_16_to_31
                0x00000000000146d4                __gnu_Unwind_Restore_WMMXD
                0x0000000000014718                __gnu_Unwind_Save_WMMXD
                0x000000000001475c                __gnu_Unwind_Restore_WMMXC
                0x0000000000014770                __gnu_Unwind_Save_WMMXC
                0x0000000000014784                _Unwind_RaiseException
                0x0000000000014784                ___Unwind_RaiseException
                0x00000000000147a8                ___Unwind_Resume
                0x00000000000147a8                _Unwind_Resume
                0x00000000000147cc                ___Unwind_Resume_or_Rethrow
                0x00000000000147cc                _Unwind_Resume_or_Rethrow
                0x00000000000147f0                _Unwind_ForcedUnwind
                0x00000000000147f0                ___Unwind_ForcedUnwind
                0x0000000000014814                _Unwind_Backtrace
                0x0000000000014814                ___Unwind_Backtrace
 .text          0x0000000000014838      0x53c libgcc/libgcc.a(pr-support.o)
                0x00000000000148cc                __gnu_unwind_execute
                0x0000000000014ce8                __gnu_unwind_frame
                0x0000000000014d30                _Unwind_GetRegionStart
                0x0000000000014d44                _Unwind_GetLanguageSpecificData
                0x0000000000014d64                _Unwind_GetDataRelBase
                0x0000000000014d6c                _Unwind_GetTextRelBase
 .text          0x0000000000014d74       0x48 libgcc/libgcc.a(_clzsi2.o)
                0x0000000000014d74                __clzsi2
 *(.rodata)
 .rodata        0x0000000000014dbc       0x98 build/bitmap.o
 .rodata        0x0000000000014e54       0x64 build/console.o
 .rodata        0x0000000000014eb8       0x70 build/debug.o
 .rodata        0x0000000000014f28       0x6c build/hash.o
 .rodata        0x0000000000014f94       0xec build/init.o
 .rodata        0x0000000000015080      0x11c build/list.o
 .rodata        0x000000000001519c      0x1a8 build/interrupt.o
 .rodata        0x0000000000015344       0x78 build/malloc.o
 .rodata        0x00000000000153bc       0xf8 build/palloc.o
 .rodata        0x00000000000154b4      0x134 build/stdio.o
 .rodata        0x00000000000155e8       0x34 build/stdlib.o
 .rodata        0x000000000001561c       0x80 build/string.o
 .rodata        0x000000000001569c       0xf0 build/synch.o
 .rodata        0x000000000001578c       0xbc build/timer.o
 .rodata        0x0000000000015848      0x24c build/thread.o

.data           0x0000000000016000     0x2060
 *(.data)
 .data          0x0000000000016000        0x0 build/contextSwitch.o
 .data          0x0000000000016000      0x810 build/drawing.o
 *fill*         0x0000000000016810      0x7f0 
 .data          0x0000000000017000     0x1000 build/frameBufferInfo.o
                0x0000000000017000                FrameBufferInfo
 .data          0x0000000000018000        0x0 build/gpioFunction.o
 .data          0x0000000000018000       0x40 build/interruptsHandlers.o
                0x0000000000018000                exec_int_msg
 .data          0x0000000000018040        0x0 build/mailbox.o
 .data          0x0000000000018040        0x0 build/memoryCopy.o
 .data          0x0000000000018040        0x0 build/start.o
 .data          0x0000000000018040        0x0 build/bitmap.o
 .data          0x0000000000018040        0x0 build/console.o
 .data          0x0000000000018040        0x0 build/debug.o
 .data          0x0000000000018040        0x0 build/framebuffer.o
 .data          0x0000000000018040        0x0 build/gpio.o
 .data          0x0000000000018040        0x0 build/hash.o
 .data          0x0000000000018040        0x4 build/init.o
 .data          0x0000000000018044        0x0 build/list.o
 .data          0x0000000000018044        0x0 build/interrupt.o
 .data          0x0000000000018044        0x0 build/malloc.o
 .data          0x0000000000018044        0x0 build/palloc.o
 .data          0x0000000000018044        0x0 build/random.o
 .data          0x0000000000018044        0x0 build/serial.o
 .data          0x0000000000018044       0x18 build/stdio.o
 .data          0x000000000001805c        0x0 build/stdlib.o
 .data          0x000000000001805c        0x0 build/string.o
 .data          0x000000000001805c        0x0 build/synch.o
 .data          0x000000000001805c        0x0 build/timer.o
 .data          0x000000000001805c        0x4 build/thread.o
 .data          0x0000000000018060        0x0 build/video.o
 .data          0x0000000000018060        0x0 libgcc/libgcc.a(_udivsi3.o)
 .data          0x0000000000018060        0x0 libgcc/libgcc.a(_divsi3.o)
 .data          0x0000000000018060        0x0 libgcc/libgcc.a(_dvmd_tls.o)
 .data          0x0000000000018060        0x0 libgcc/libgcc.a(_aeabi_uldivmod.o)
 .data          0x0000000000018060        0x0 libgcc/libgcc.a(bpabi.o)
 .data          0x0000000000018060        0x0 libgcc/libgcc.a(_divdi3.o)
 .data          0x0000000000018060        0x0 libgcc/libgcc.a(_udivdi3.o)
 .data          0x0000000000018060        0x0 libgcc/libgcc.a(unwind-arm.o)
 .data          0x0000000000018060        0x0 libgcc/libgcc.a(libunwind.o)
 .data          0x0000000000018060        0x0 libgcc/libgcc.a(pr-support.o)
 .data          0x0000000000018060        0x0 libgcc/libgcc.a(_clzsi2.o)

.bss            0x0000000000018060      0x630
 *(.bss)
 .bss           0x0000000000018060        0x0 build/contextSwitch.o
 .bss           0x0000000000018060        0x0 build/drawing.o
 .bss           0x0000000000018060        0x0 build/frameBufferInfo.o
 .bss           0x0000000000018060        0x0 build/gpioFunction.o
 .bss           0x0000000000018060        0x0 build/interruptsHandlers.o
 .bss           0x0000000000018060        0x0 build/mailbox.o
 .bss           0x0000000000018060        0x0 build/memoryCopy.o
 .bss           0x0000000000018060        0x0 build/start.o
 .bss           0x0000000000018060        0x0 build/bitmap.o
 .bss           0x0000000000018060       0x28 build/console.o
 .bss           0x0000000000018088        0x0 build/debug.o
 .bss           0x0000000000018088        0x0 build/framebuffer.o
 .bss           0x0000000000018088        0x0 build/gpio.o
 .bss           0x0000000000018088        0x0 build/hash.o
 .bss           0x0000000000018088       0x40 build/init.o
 .bss           0x00000000000180c8        0x0 build/list.o
 .bss           0x00000000000180c8      0x20c build/interrupt.o
 .bss           0x00000000000182d4      0x1e4 build/malloc.o
 .bss           0x00000000000184b8       0x40 build/palloc.o
 .bss           0x00000000000184f8      0x104 build/random.o
 .bss           0x00000000000185fc        0x0 build/serial.o
 .bss           0x00000000000185fc        0x0 build/stdio.o
 .bss           0x00000000000185fc        0x0 build/stdlib.o
 .bss           0x00000000000185fc        0x0 build/string.o
 .bss           0x00000000000185fc        0x0 build/synch.o
 .bss           0x00000000000185fc       0x10 build/timer.o
 *fill*         0x000000000001860c        0x4 
 .bss           0x0000000000018610       0x60 build/thread.o
 .bss           0x0000000000018670       0x20 build/video.o
 .bss           0x0000000000018690        0x0 libgcc/libgcc.a(_udivsi3.o)
 .bss           0x0000000000018690        0x0 libgcc/libgcc.a(_divsi3.o)
 .bss           0x0000000000018690        0x0 libgcc/libgcc.a(_dvmd_tls.o)
 .bss           0x0000000000018690        0x0 libgcc/libgcc.a(_aeabi_uldivmod.o)
 .bss           0x0000000000018690        0x0 libgcc/libgcc.a(bpabi.o)
 .bss           0x0000000000018690        0x0 libgcc/libgcc.a(_divdi3.o)
 .bss           0x0000000000018690        0x0 libgcc/libgcc.a(_udivdi3.o)
 .bss           0x0000000000018690        0x0 libgcc/libgcc.a(unwind-arm.o)
 .bss           0x0000000000018690        0x0 libgcc/libgcc.a(libunwind.o)
 .bss           0x0000000000018690        0x0 libgcc/libgcc.a(pr-support.o)
 .bss           0x0000000000018690        0x0 libgcc/libgcc.a(_clzsi2.o)

.ARM.extab      0x0000000000018690       0x30
 *(.ARM.extab* .gnu.linkonce.armextab.*)
 .ARM.extab     0x0000000000018690        0x0 libgcc/libgcc.a(_divdi3.o)
 .ARM.extab     0x0000000000018690        0x0 libgcc/libgcc.a(_udivdi3.o)
 .ARM.extab     0x0000000000018690       0x18 libgcc/libgcc.a(unwind-arm.o)
 .ARM.extab     0x00000000000186a8       0x18 libgcc/libgcc.a(pr-support.o)
                0x00000000000186c0                __exidx_start = .

.ARM.exidx      0x00000000000186c0       0xd0
 *(.ARM.exidx* .gnu.linkonce.armexidx.*)
 .ARM.exidx     0x00000000000186c0        0x8 libgcc/libgcc.a(_divdi3.o)
 .ARM.exidx     0x00000000000186c8        0x0 libgcc/libgcc.a(_udivdi3.o)
                                          0x8 (size before relaxing)
 .ARM.exidx     0x00000000000186c8       0x90 libgcc/libgcc.a(unwind-arm.o)
                                         0xd8 (size before relaxing)
 .ARM.exidx     0x0000000000018758       0x38 libgcc/libgcc.a(pr-support.o)
                                         0x48 (size before relaxing)
                0x0000000000018790                __exidx_end = .

/DISCARD/
 *(*)
LOAD libgcc/libgcc.a
OUTPUT(build/output.elf elf32-littlearm)
